---
source: tests/output__search.rs
expression: "search::envelope(&sample_hits(), None, meta(), &sample_meta(), data_dir())"
---
{
  "hits": [
    {
      "memory_id": "aaaa0001",
      "score": 0.016,
      "source": "hybrid",
      "tier": 1,
      "score_parts": {
        "rrf": 0.016,
        "activation": 1.0,
        "feedback": 1.0,
        "quality": 1.0,
        "supersede": 1.0,
        "final_score": 0.016
      },
      "path": "/data/memories/aaaa0001-use-postgres.md",
      "title": "Use Postgres for analytics",
      "repo": "qwick-backend",
      "kind": "decision",
      "tags": [
        "database",
        "postgres"
      ],
      "references": {
        "symbols": [
          "qwick-backend:src/db.rs:connect"
        ],
        "files": [
          "qwick-backend:src/db.rs"
        ]
      }
    }
  ],
  "limit": 12,
  "offset": 0,
  "has_more": false,
  "total": 1
}
